{
  "Data": {
    "foos": [
      null
    ]
  },
  "Errors": null,
  "Extensions": null,
  "ContextData": null
}
