// ReSharper disable BuiltInTypeReferenceStyle
// ReSharper disable RedundantNameQualifier
// ReSharper disable ArrangeObjectCreationWhenTypeEvident
// ReSharper disable UnusedType.Global
// ReSharper disable PartialTypeWithSinglePart
// ReSharper disable UnusedMethodReturnValue.Local
// ReSharper disable ConvertToAutoProperty
// ReSharper disable UnusedMember.Global
// ReSharper disable SuggestVarOrType_SimpleTypes
// ReSharper disable InconsistentNaming

// FooClient

// <auto-generated/>
#nullable enable

namespace Foo.Bar
{
    // StrawberryShake.CodeGeneration.CSharp.Generators.ResultTypeGenerator
    /// <summary>
    /// Root type pro read operace nemovizor API.
    /// </summary>
    [global::System.CodeDom.Compiler.GeneratedCode("StrawberryShake", "11.0.0")]
    public partial class GetListingsCountResult : global::System.IEquatable<GetListingsCountResult>, IGetListingsCountResult
    {
        public GetListingsCountResult(global::Foo.Bar.IGetListingsCount_Listings listings)
        {
            Listings = listings;
        }

        /// <summary>
        /// Vyhledávání mezi inzeráty
        /// </summary>
        public global::Foo.Bar.IGetListingsCount_Listings Listings
        {
            get;
        }

        public override global::System.Boolean Equals(global::System.Object? obj)
        {
            if (ReferenceEquals(null, obj))
            {
                return false;
            }

            if (ReferenceEquals(this, obj))
            {
                return true;
            }

            if (obj.GetType() != GetType())
            {
                return false;
            }

            return Equals((GetListingsCountResult)obj);
        }

        public global::System.Boolean Equals(GetListingsCountResult? other)
        {
            if (ReferenceEquals(null, other))
            {
                return false;
            }

            if (ReferenceEquals(this, other))
            {
                return true;
            }

            if (other.GetType() != GetType())
            {
                return false;
            }

            return (Listings.Equals(other.Listings));
        }

        public override global::System.Int32 GetHashCode()
        {
            unchecked
            {
                int hash = 5;
                hash ^= 397 * Listings.GetHashCode();
                return hash;
            }
        }
    }

    // StrawberryShake.CodeGeneration.CSharp.Generators.ResultTypeGenerator
    [global::System.CodeDom.Compiler.GeneratedCode("StrawberryShake", "11.0.0")]
    public partial class GetListingsCount_Listings_ListingsPayload : global::System.IEquatable<GetListingsCount_Listings_ListingsPayload>, IGetListingsCount_Listings_ListingsPayload
    {
        public GetListingsCount_Listings_ListingsPayload(global::System.Int32 count)
        {
            Count = count;
        }

        public global::System.Int32 Count
        {
            get;
        }

        public override global::System.Boolean Equals(global::System.Object? obj)
        {
            if (ReferenceEquals(null, obj))
            {
                return false;
            }

            if (ReferenceEquals(this, obj))
            {
                return true;
            }

            if (obj.GetType() != GetType())
            {
                return false;
            }

            return Equals((GetListingsCount_Listings_ListingsPayload)obj);
        }

        public global::System.Boolean Equals(GetListingsCount_Listings_ListingsPayload? other)
        {
            if (ReferenceEquals(null, other))
            {
                return false;
            }

            if (ReferenceEquals(this, other))
            {
                return true;
            }

            if (other.GetType() != GetType())
            {
                return false;
            }

            return (Count == other.Count);
        }

        public override global::System.Int32 GetHashCode()
        {
            unchecked
            {
                int hash = 5;
                hash ^= 397 * Count.GetHashCode();
                return hash;
            }
        }
    }

    // StrawberryShake.CodeGeneration.CSharp.Generators.ResultInterfaceGenerator
    /// <summary>
    /// Root type pro read operace nemovizor API.
    /// </summary>
    [global::System.CodeDom.Compiler.GeneratedCode("StrawberryShake", "11.0.0")]
    public interface IGetListingsCountResult
    {
        /// <summary>
        /// Vyhledávání mezi inzeráty
        /// </summary>
        public global::Foo.Bar.IGetListingsCount_Listings Listings
        {
            get;
        }
    }

    // StrawberryShake.CodeGeneration.CSharp.Generators.ResultInterfaceGenerator
    [global::System.CodeDom.Compiler.GeneratedCode("StrawberryShake", "11.0.0")]
    public interface IListingsPayload
    {
        public global::System.Int32 Count
        {
            get;
        }
    }

    // StrawberryShake.CodeGeneration.CSharp.Generators.ResultInterfaceGenerator
    [global::System.CodeDom.Compiler.GeneratedCode("StrawberryShake", "11.0.0")]
    public interface IGetListingsCount_Listings : IListingsPayload
    {
    }

    // StrawberryShake.CodeGeneration.CSharp.Generators.ResultInterfaceGenerator
    [global::System.CodeDom.Compiler.GeneratedCode("StrawberryShake", "11.0.0")]
    public interface IGetListingsCount_Listings_ListingsPayload : IGetListingsCount_Listings
    {
    }

    // StrawberryShake.CodeGeneration.CSharp.Generators.OperationDocumentGenerator
    /// <summary>
    /// Represents the operation service of the GetListingsCount GraphQL operation
    /// <code>
    /// query GetListingsCount {
    ///   listings {
    ///     __typename
    ///     ... ListingsPayload
    ///   }
    /// }
    /// 
    /// fragment ListingsPayload on ListingsPayload {
    ///   count
    /// }
    /// </code>
    /// </summary>
    [global::System.CodeDom.Compiler.GeneratedCode("StrawberryShake", "11.0.0")]
    public partial class GetListingsCountQueryDocument : global::StrawberryShake.IDocument
    {
        private GetListingsCountQueryDocument()
        {
        }

        public static GetListingsCountQueryDocument Instance
        {
            get;
        }

        = new GetListingsCountQueryDocument();
        public global::StrawberryShake.OperationKind Kind => global::StrawberryShake.OperationKind.Query;
        public global::System.ReadOnlySpan<global::System.Byte> Body => new global::System.Byte[]{0x71, 0x75, 0x65, 0x72, 0x79, 0x20, 0x47, 0x65, 0x74, 0x4c, 0x69, 0x73, 0x74, 0x69, 0x6e, 0x67, 0x73, 0x43, 0x6f, 0x75, 0x6e, 0x74, 0x20, 0x7b, 0x20, 0x6c, 0x69, 0x73, 0x74, 0x69, 0x6e, 0x67, 0x73, 0x20, 0x7b, 0x20, 0x5f, 0x5f, 0x74, 0x79, 0x70, 0x65, 0x6e, 0x61, 0x6d, 0x65, 0x20, 0x2e, 0x2e, 0x2e, 0x20, 0x4c, 0x69, 0x73, 0x74, 0x69, 0x6e, 0x67, 0x73, 0x50, 0x61, 0x79, 0x6c, 0x6f, 0x61, 0x64, 0x20, 0x7d, 0x20, 0x7d, 0x20, 0x66, 0x72, 0x61, 0x67, 0x6d, 0x65, 0x6e, 0x74, 0x20, 0x4c, 0x69, 0x73, 0x74, 0x69, 0x6e, 0x67, 0x73, 0x50, 0x61, 0x79, 0x6c, 0x6f, 0x61, 0x64, 0x20, 0x6f, 0x6e, 0x20, 0x4c, 0x69, 0x73, 0x74, 0x69, 0x6e, 0x67, 0x73, 0x50, 0x61, 0x79, 0x6c, 0x6f, 0x61, 0x64, 0x20, 0x7b, 0x20, 0x63, 0x6f, 0x75, 0x6e, 0x74, 0x20, 0x7d};
        public global::StrawberryShake.DocumentHash Hash
        {
            get;
        }

        = new global::StrawberryShake.DocumentHash("sha1Hash", "c3a13333bd2282e2d7ed111b99934a7610014ba3");
        public override global::System.String ToString()
        {
#if NETSTANDARD2_0
        return global::System.Text.Encoding.UTF8.GetString(Body.ToArray());
#else
            return global::System.Text.Encoding.UTF8.GetString(Body);
#endif
        }
    }

    // StrawberryShake.CodeGeneration.CSharp.Generators.OperationServiceGenerator
    /// <summary>
    /// Represents the operation service of the GetListingsCount GraphQL operation
    /// <code>
    /// query GetListingsCount {
    ///   listings {
    ///     __typename
    ///     ... ListingsPayload
    ///   }
    /// }
    /// 
    /// fragment ListingsPayload on ListingsPayload {
    ///   count
    /// }
    /// </code>
    /// </summary>
    [global::System.CodeDom.Compiler.GeneratedCode("StrawberryShake", "11.0.0")]
    public partial class GetListingsCountQuery : global::Foo.Bar.IGetListingsCountQuery
    {
        private readonly global::StrawberryShake.IOperationExecutor<IGetListingsCountResult> _operationExecutor;
        public GetListingsCountQuery(global::StrawberryShake.IOperationExecutor<IGetListingsCountResult> operationExecutor)
        {
            _operationExecutor = operationExecutor ?? throw new global::System.ArgumentNullException(nameof(operationExecutor));
        }

        global::System.Type global::StrawberryShake.IOperationRequestFactory.ResultType => typeof(IGetListingsCountResult);
        public async global::System.Threading.Tasks.Task<global::StrawberryShake.IOperationResult<IGetListingsCountResult>> ExecuteAsync(global::System.Threading.CancellationToken cancellationToken = default)
        {
            var request = CreateRequest();
            return await _operationExecutor.ExecuteAsync(request, cancellationToken).ConfigureAwait(false);
        }

        public global::System.IObservable<global::StrawberryShake.IOperationResult<IGetListingsCountResult>> Watch(global::StrawberryShake.ExecutionStrategy? strategy = null)
        {
            var request = CreateRequest();
            return _operationExecutor.Watch(request, strategy);
        }

        private global::StrawberryShake.OperationRequest CreateRequest()
        {
            return CreateRequest(null);
        }

        private global::StrawberryShake.OperationRequest CreateRequest(global::System.Collections.Generic.IReadOnlyDictionary<global::System.String, global::System.Object?>? variables)
        {
            return new global::StrawberryShake.OperationRequest(id: GetListingsCountQueryDocument.Instance.Hash.Value, name: "GetListingsCount", document: GetListingsCountQueryDocument.Instance, strategy: global::StrawberryShake.RequestStrategy.Default);
        }

        global::StrawberryShake.OperationRequest global::StrawberryShake.IOperationRequestFactory.Create(global::System.Collections.Generic.IReadOnlyDictionary<global::System.String, global::System.Object?>? variables)
        {
            return CreateRequest();
        }
    }

    // StrawberryShake.CodeGeneration.CSharp.Generators.OperationServiceInterfaceGenerator
    /// <summary>
    /// Represents the operation service of the GetListingsCount GraphQL operation
    /// <code>
    /// query GetListingsCount {
    ///   listings {
    ///     __typename
    ///     ... ListingsPayload
    ///   }
    /// }
    /// 
    /// fragment ListingsPayload on ListingsPayload {
    ///   count
    /// }
    /// </code>
    /// </summary>
    [global::System.CodeDom.Compiler.GeneratedCode("StrawberryShake", "11.0.0")]
    public interface IGetListingsCountQuery : global::StrawberryShake.IOperationRequestFactory
    {
        global::System.Threading.Tasks.Task<global::StrawberryShake.IOperationResult<IGetListingsCountResult>> ExecuteAsync(global::System.Threading.CancellationToken cancellationToken = default);
        global::System.IObservable<global::StrawberryShake.IOperationResult<IGetListingsCountResult>> Watch(global::StrawberryShake.ExecutionStrategy? strategy = null);
    }

    // StrawberryShake.CodeGeneration.CSharp.Generators.ClientGenerator
    /// <summary>
    /// Represents the FooClient GraphQL client
    /// </summary>
    [global::System.CodeDom.Compiler.GeneratedCode("StrawberryShake", "11.0.0")]
    public partial class FooClient : global::Foo.Bar.IFooClient
    {
        private readonly global::Foo.Bar.IGetListingsCountQuery _getListingsCount;
        public FooClient(global::Foo.Bar.IGetListingsCountQuery getListingsCount)
        {
            _getListingsCount = getListingsCount ?? throw new global::System.ArgumentNullException(nameof(getListingsCount));
        }

        public static global::System.String ClientName => "FooClient";
        public global::Foo.Bar.IGetListingsCountQuery GetListingsCount => _getListingsCount;
    }

    // StrawberryShake.CodeGeneration.CSharp.Generators.ClientInterfaceGenerator
    /// <summary>
    /// Represents the FooClient GraphQL client
    /// </summary>
    [global::System.CodeDom.Compiler.GeneratedCode("StrawberryShake", "11.0.0")]
    public interface IFooClient
    {
        global::Foo.Bar.IGetListingsCountQuery GetListingsCount
        {
            get;
        }
    }
}

namespace Foo.Bar.State
{
    // StrawberryShake.CodeGeneration.CSharp.Generators.ResultDataFactoryGenerator
    [global::System.CodeDom.Compiler.GeneratedCode("StrawberryShake", "11.0.0")]
    public partial class GetListingsCountResultFactory : global::StrawberryShake.IOperationResultDataFactory<global::Foo.Bar.GetListingsCountResult>
    {
        private readonly global::StrawberryShake.IEntityStore _entityStore;
        public GetListingsCountResultFactory(global::StrawberryShake.IEntityStore entityStore)
        {
            _entityStore = entityStore ?? throw new global::System.ArgumentNullException(nameof(entityStore));
        }

        global::System.Type global::StrawberryShake.IOperationResultDataFactory.ResultType => typeof(global::Foo.Bar.IGetListingsCountResult);
        public GetListingsCountResult Create(global::StrawberryShake.IOperationResultDataInfo dataInfo, global::StrawberryShake.IEntityStoreSnapshot? snapshot = null)
        {
            if (snapshot is null)
            {
                snapshot = _entityStore.CurrentSnapshot;
            }

            if (dataInfo is GetListingsCountResultInfo info)
            {
                return new GetListingsCountResult(MapNonNullableIGetListingsCount_Listings(info.Listings, snapshot));
            }

            throw new global::System.ArgumentException("GetListingsCountResultInfo expected.");
        }

        private global::Foo.Bar.IGetListingsCount_Listings MapNonNullableIGetListingsCount_Listings(global::Foo.Bar.State.ListingsPayloadData data, global::StrawberryShake.IEntityStoreSnapshot snapshot)
        {
            IGetListingsCount_Listings returnValue = default !;
            if (data.__typename.Equals("ListingsPayload", global::System.StringComparison.Ordinal))
            {
                returnValue = new GetListingsCount_Listings_ListingsPayload(data.Count ?? throw new global::System.ArgumentNullException());
            }
            else
            {
                throw new global::System.NotSupportedException();
            }

            return returnValue;
        }

        global::System.Object global::StrawberryShake.IOperationResultDataFactory.Create(global::StrawberryShake.IOperationResultDataInfo dataInfo, global::StrawberryShake.IEntityStoreSnapshot? snapshot)
        {
            return Create(dataInfo, snapshot);
        }
    }

    // StrawberryShake.CodeGeneration.CSharp.Generators.ResultInfoGenerator
    [global::System.CodeDom.Compiler.GeneratedCode("StrawberryShake", "11.0.0")]
    public partial class GetListingsCountResultInfo : global::StrawberryShake.IOperationResultDataInfo
    {
        private readonly global::System.Collections.Generic.IReadOnlyCollection<global::StrawberryShake.EntityId> _entityIds;
        private readonly global::System.UInt64 _version;
        public GetListingsCountResultInfo(global::Foo.Bar.State.ListingsPayloadData listings, global::System.Collections.Generic.IReadOnlyCollection<global::StrawberryShake.EntityId> entityIds, global::System.UInt64 version)
        {
            Listings = listings;
            _entityIds = entityIds ?? throw new global::System.ArgumentNullException(nameof(entityIds));
            _version = version;
        }

        /// <summary>
        /// Vyhledávání mezi inzeráty
        /// </summary>
        public global::Foo.Bar.State.ListingsPayloadData Listings
        {
            get;
        }

        public global::System.Collections.Generic.IReadOnlyCollection<global::StrawberryShake.EntityId> EntityIds => _entityIds;
        public global::System.UInt64 Version => _version;
        public global::StrawberryShake.IOperationResultDataInfo WithVersion(global::System.UInt64 version)
        {
            return new GetListingsCountResultInfo(Listings, _entityIds, version);
        }
    }

    // StrawberryShake.CodeGeneration.CSharp.Generators.JsonResultBuilderGenerator
    [global::System.CodeDom.Compiler.GeneratedCode("StrawberryShake", "11.0.0")]
    public partial class GetListingsCountBuilder : global::StrawberryShake.IOperationResultBuilder<global::System.Text.Json.JsonDocument, global::Foo.Bar.IGetListingsCountResult>
    {
        private readonly global::StrawberryShake.IEntityStore _entityStore;
        private readonly global::StrawberryShake.IEntityIdSerializer _idSerializer;
        private readonly global::StrawberryShake.IOperationResultDataFactory<global::Foo.Bar.IGetListingsCountResult> _resultDataFactory;
        private readonly global::StrawberryShake.Serialization.ILeafValueParser<global::System.Int32, global::System.Int32> _intParser;
        public GetListingsCountBuilder(global::StrawberryShake.IEntityStore entityStore, global::StrawberryShake.IEntityIdSerializer idSerializer, global::StrawberryShake.IOperationResultDataFactory<global::Foo.Bar.IGetListingsCountResult> resultDataFactory, global::StrawberryShake.Serialization.ISerializerResolver serializerResolver)
        {
            _entityStore = entityStore ?? throw new global::System.ArgumentNullException(nameof(entityStore));
            _idSerializer = idSerializer ?? throw new global::System.ArgumentNullException(nameof(idSerializer));
            _resultDataFactory = resultDataFactory ?? throw new global::System.ArgumentNullException(nameof(resultDataFactory));
            _intParser = serializerResolver.GetLeafValueParser<global::System.Int32, global::System.Int32>("Int") ?? throw new global::System.ArgumentException("No serializer for type `Int` found.");
        }

        public global::StrawberryShake.IOperationResult<IGetListingsCountResult> Build(global::StrawberryShake.Response<global::System.Text.Json.JsonDocument> response)
        {
            (IGetListingsCountResult Result, GetListingsCountResultInfo Info)? data = null;
            global::System.Collections.Generic.IReadOnlyList<global::StrawberryShake.IClientError>? errors = null;
            if (response.Exception is null)
            {
                try
                {
                    if (response.Body != null)
                    {
                        if (response.Body.RootElement.TryGetProperty("data", out global::System.Text.Json.JsonElement dataElement) && dataElement.ValueKind == global::System.Text.Json.JsonValueKind.Object)
                        {
                            data = BuildData(dataElement);
                        }

                        if (response.Body.RootElement.TryGetProperty("errors", out global::System.Text.Json.JsonElement errorsElement))
                        {
                            errors = global::StrawberryShake.Json.JsonErrorParser.ParseErrors(errorsElement);
                        }
                    }
                }
                catch (global::System.Exception ex)
                {
                    errors = new global::StrawberryShake.IClientError[]{new global::StrawberryShake.ClientError(ex.Message, exception: ex, extensions: new global::System.Collections.Generic.Dictionary<global::System.String, global::System.Object?>{{"body", response.Body?.ToString()}})};
                }
            }
            else
            {
                errors = new global::StrawberryShake.IClientError[]{new global::StrawberryShake.ClientError(response.Exception.Message, exception: response.Exception, extensions: new global::System.Collections.Generic.Dictionary<global::System.String, global::System.Object?>{{"body", response.Body?.ToString()}})};
            }

            return new global::StrawberryShake.OperationResult<IGetListingsCountResult>(data?.Result, data?.Info, _resultDataFactory, errors);
        }

        private (IGetListingsCountResult, GetListingsCountResultInfo) BuildData(global::System.Text.Json.JsonElement obj)
        {
            var entityIds = new global::System.Collections.Generic.HashSet<global::StrawberryShake.EntityId>();
            global::StrawberryShake.IEntityStoreSnapshot snapshot = default !;
            _entityStore.Update(session =>
            {
                snapshot = session.CurrentSnapshot;
            });
            var resultInfo = new GetListingsCountResultInfo(DeserializeNonNullableIGetListingsCount_Listings(global::StrawberryShake.Json.JsonElementExtensions.GetPropertyOrNull(obj, "listings")), entityIds, snapshot.Version);
            return (_resultDataFactory.Create(resultInfo), resultInfo);
        }

        private global::Foo.Bar.State.ListingsPayloadData DeserializeNonNullableIGetListingsCount_Listings(global::System.Text.Json.JsonElement? obj)
        {
            if (!obj.HasValue)
            {
                throw new global::System.ArgumentNullException();
            }

            var typename = obj.Value.GetProperty("__typename").GetString();
            if (typename?.Equals("ListingsPayload", global::System.StringComparison.Ordinal) ?? false)
            {
                return new global::Foo.Bar.State.ListingsPayloadData(typename, count: DeserializeNonNullableInt32(global::StrawberryShake.Json.JsonElementExtensions.GetPropertyOrNull(obj, "count")));
            }

            throw new global::System.NotSupportedException();
        }

        private global::System.Int32 DeserializeNonNullableInt32(global::System.Text.Json.JsonElement? obj)
        {
            if (!obj.HasValue)
            {
                throw new global::System.ArgumentNullException();
            }

            return _intParser.Parse(obj.Value.GetInt32()!);
        }
    }

    // StrawberryShake.CodeGeneration.CSharp.Generators.DataTypeGenerator
    [global::System.CodeDom.Compiler.GeneratedCode("StrawberryShake", "0.0.0.0")]
    public partial class ListingsPayloadData
    {
        public ListingsPayloadData(global::System.String __typename, global::System.Int32? count = default !)
        {
            this.__typename = __typename ?? throw new global::System.ArgumentNullException(nameof(__typename));
            Count = count;
        }

        public global::System.String __typename
        {
            get;
        }

        public global::System.Int32? Count
        {
            get;
        }
    }

    // StrawberryShake.CodeGeneration.CSharp.Generators.EntityIdFactoryGenerator
    [global::System.CodeDom.Compiler.GeneratedCode("StrawberryShake", "11.0.0")]
    public partial class FooClientEntityIdFactory : global::StrawberryShake.IEntityIdSerializer
    {
        private static readonly global::System.Text.Json.JsonWriterOptions _options = new global::System.Text.Json.JsonWriterOptions()
        {Indented = false};
        public global::StrawberryShake.EntityId Parse(global::System.Text.Json.JsonElement obj)
        {
            global::System.String __typename = obj.GetProperty("__typename").GetString()!;
            return __typename switch
            {
            _ => throw new global::System.NotSupportedException()}

            ;
        }

        public global::System.String Format(global::StrawberryShake.EntityId entityId)
        {
            return entityId.Name switch
            {
            _ => throw new global::System.NotSupportedException()}

            ;
        }
    }

    // StrawberryShake.CodeGeneration.CSharp.Generators.StoreAccessorGenerator
    [global::System.CodeDom.Compiler.GeneratedCode("StrawberryShake", "11.0.0")]
    public partial class FooClientStoreAccessor : global::StrawberryShake.StoreAccessor
    {
        public FooClientStoreAccessor(global::StrawberryShake.IOperationStore operationStore, global::StrawberryShake.IEntityStore entityStore, global::StrawberryShake.IEntityIdSerializer entityIdSerializer, global::System.Collections.Generic.IEnumerable<global::StrawberryShake.IOperationRequestFactory> requestFactories, global::System.Collections.Generic.IEnumerable<global::StrawberryShake.IOperationResultDataFactory> resultDataFactories): base(operationStore, entityStore, entityIdSerializer, requestFactories, resultDataFactories)
        {
        }
    }
}

namespace Microsoft.Extensions.DependencyInjection
{
    // StrawberryShake.CodeGeneration.CSharp.Generators.DependencyInjectionGenerator
    [global::System.CodeDom.Compiler.GeneratedCode("StrawberryShake", "11.0.0")]
    public static partial class FooClientServiceCollectionExtensions
    {
        public static global::StrawberryShake.IClientBuilder<global::Foo.Bar.State.FooClientStoreAccessor> AddFooClient(this global::Microsoft.Extensions.DependencyInjection.IServiceCollection services, global::StrawberryShake.ExecutionStrategy strategy = global::StrawberryShake.ExecutionStrategy.NetworkOnly)
        {
            var serviceCollection = new global::Microsoft.Extensions.DependencyInjection.ServiceCollection();
            global::Microsoft.Extensions.DependencyInjection.ServiceCollectionServiceExtensions.AddSingleton(services, sp =>
            {
                ConfigureClientDefault(sp, serviceCollection, strategy);
                return new ClientServiceProvider(global::Microsoft.Extensions.DependencyInjection.ServiceCollectionContainerBuilderExtensions.BuildServiceProvider(serviceCollection));
            });
            global::Microsoft.Extensions.DependencyInjection.ServiceCollectionServiceExtensions.AddSingleton(services, sp => new global::Foo.Bar.State.FooClientStoreAccessor(global::Microsoft.Extensions.DependencyInjection.ServiceProviderServiceExtensions.GetRequiredService<global::StrawberryShake.IOperationStore>(global::Microsoft.Extensions.DependencyInjection.ServiceProviderServiceExtensions.GetRequiredService<ClientServiceProvider>(sp)), global::Microsoft.Extensions.DependencyInjection.ServiceProviderServiceExtensions.GetRequiredService<global::StrawberryShake.IEntityStore>(global::Microsoft.Extensions.DependencyInjection.ServiceProviderServiceExtensions.GetRequiredService<ClientServiceProvider>(sp)), global::Microsoft.Extensions.DependencyInjection.ServiceProviderServiceExtensions.GetRequiredService<global::StrawberryShake.IEntityIdSerializer>(global::Microsoft.Extensions.DependencyInjection.ServiceProviderServiceExtensions.GetRequiredService<ClientServiceProvider>(sp)), global::Microsoft.Extensions.DependencyInjection.ServiceProviderServiceExtensions.GetRequiredService<global::System.Collections.Generic.IEnumerable<global::StrawberryShake.IOperationRequestFactory>>(global::Microsoft.Extensions.DependencyInjection.ServiceProviderServiceExtensions.GetRequiredService<ClientServiceProvider>(sp)), global::Microsoft.Extensions.DependencyInjection.ServiceProviderServiceExtensions.GetRequiredService<global::System.Collections.Generic.IEnumerable<global::StrawberryShake.IOperationResultDataFactory>>(global::Microsoft.Extensions.DependencyInjection.ServiceProviderServiceExtensions.GetRequiredService<ClientServiceProvider>(sp))));
            global::Microsoft.Extensions.DependencyInjection.ServiceCollectionServiceExtensions.AddSingleton(services, sp => global::Microsoft.Extensions.DependencyInjection.ServiceProviderServiceExtensions.GetRequiredService<global::Foo.Bar.GetListingsCountQuery>(global::Microsoft.Extensions.DependencyInjection.ServiceProviderServiceExtensions.GetRequiredService<ClientServiceProvider>(sp)));
            global::Microsoft.Extensions.DependencyInjection.ServiceCollectionServiceExtensions.AddSingleton(services, sp => global::Microsoft.Extensions.DependencyInjection.ServiceProviderServiceExtensions.GetRequiredService<global::Foo.Bar.FooClient>(global::Microsoft.Extensions.DependencyInjection.ServiceProviderServiceExtensions.GetRequiredService<ClientServiceProvider>(sp)));
            global::Microsoft.Extensions.DependencyInjection.ServiceCollectionServiceExtensions.AddSingleton(services, sp => global::Microsoft.Extensions.DependencyInjection.ServiceProviderServiceExtensions.GetRequiredService<global::Foo.Bar.IFooClient>(global::Microsoft.Extensions.DependencyInjection.ServiceProviderServiceExtensions.GetRequiredService<ClientServiceProvider>(sp)));
            return new global::StrawberryShake.ClientBuilder<global::Foo.Bar.State.FooClientStoreAccessor>("FooClient", services, serviceCollection);
        }

        private static global::Microsoft.Extensions.DependencyInjection.IServiceCollection ConfigureClientDefault(global::System.IServiceProvider parentServices, global::Microsoft.Extensions.DependencyInjection.ServiceCollection services, global::StrawberryShake.ExecutionStrategy strategy = global::StrawberryShake.ExecutionStrategy.NetworkOnly)
        {
            global::Microsoft.Extensions.DependencyInjection.Extensions.ServiceCollectionDescriptorExtensions.TryAddSingleton<global::StrawberryShake.IEntityStore, global::StrawberryShake.EntityStore>(services);
            global::Microsoft.Extensions.DependencyInjection.Extensions.ServiceCollectionDescriptorExtensions.TryAddSingleton<global::StrawberryShake.IOperationStore>(services, sp => new global::StrawberryShake.OperationStore(global::Microsoft.Extensions.DependencyInjection.ServiceProviderServiceExtensions.GetRequiredService<global::StrawberryShake.IEntityStore>(sp)));
            global::Microsoft.Extensions.DependencyInjection.ServiceCollectionServiceExtensions.AddSingleton<global::StrawberryShake.Transport.Http.IHttpConnection>(services, sp =>
            {
                var clientFactory = global::Microsoft.Extensions.DependencyInjection.ServiceProviderServiceExtensions.GetRequiredService<global::System.Net.Http.IHttpClientFactory>(parentServices);
                return new global::StrawberryShake.Transport.Http.HttpConnection(() => clientFactory.CreateClient("FooClient"));
            });
            global::Microsoft.Extensions.DependencyInjection.ServiceCollectionServiceExtensions.AddSingleton<global::StrawberryShake.Serialization.ISerializer, global::StrawberryShake.Serialization.StringSerializer>(services);
            global::Microsoft.Extensions.DependencyInjection.ServiceCollectionServiceExtensions.AddSingleton<global::StrawberryShake.Serialization.ISerializer, global::StrawberryShake.Serialization.BooleanSerializer>(services);
            global::Microsoft.Extensions.DependencyInjection.ServiceCollectionServiceExtensions.AddSingleton<global::StrawberryShake.Serialization.ISerializer, global::StrawberryShake.Serialization.ByteSerializer>(services);
            global::Microsoft.Extensions.DependencyInjection.ServiceCollectionServiceExtensions.AddSingleton<global::StrawberryShake.Serialization.ISerializer, global::StrawberryShake.Serialization.ShortSerializer>(services);
            global::Microsoft.Extensions.DependencyInjection.ServiceCollectionServiceExtensions.AddSingleton<global::StrawberryShake.Serialization.ISerializer, global::StrawberryShake.Serialization.IntSerializer>(services);
            global::Microsoft.Extensions.DependencyInjection.ServiceCollectionServiceExtensions.AddSingleton<global::StrawberryShake.Serialization.ISerializer, global::StrawberryShake.Serialization.LongSerializer>(services);
            global::Microsoft.Extensions.DependencyInjection.ServiceCollectionServiceExtensions.AddSingleton<global::StrawberryShake.Serialization.ISerializer, global::StrawberryShake.Serialization.FloatSerializer>(services);
            global::Microsoft.Extensions.DependencyInjection.ServiceCollectionServiceExtensions.AddSingleton<global::StrawberryShake.Serialization.ISerializer, global::StrawberryShake.Serialization.DecimalSerializer>(services);
            global::Microsoft.Extensions.DependencyInjection.ServiceCollectionServiceExtensions.AddSingleton<global::StrawberryShake.Serialization.ISerializer, global::StrawberryShake.Serialization.UrlSerializer>(services);
            global::Microsoft.Extensions.DependencyInjection.ServiceCollectionServiceExtensions.AddSingleton<global::StrawberryShake.Serialization.ISerializer, global::StrawberryShake.Serialization.UuidSerializer>(services);
            global::Microsoft.Extensions.DependencyInjection.ServiceCollectionServiceExtensions.AddSingleton<global::StrawberryShake.Serialization.ISerializer, global::StrawberryShake.Serialization.IdSerializer>(services);
            global::Microsoft.Extensions.DependencyInjection.ServiceCollectionServiceExtensions.AddSingleton<global::StrawberryShake.Serialization.ISerializer, global::StrawberryShake.Serialization.DateTimeSerializer>(services);
            global::Microsoft.Extensions.DependencyInjection.ServiceCollectionServiceExtensions.AddSingleton<global::StrawberryShake.Serialization.ISerializer, global::StrawberryShake.Serialization.DateSerializer>(services);
            global::Microsoft.Extensions.DependencyInjection.ServiceCollectionServiceExtensions.AddSingleton<global::StrawberryShake.Serialization.ISerializer, global::StrawberryShake.Serialization.ByteArraySerializer>(services);
            global::Microsoft.Extensions.DependencyInjection.ServiceCollectionServiceExtensions.AddSingleton<global::StrawberryShake.Serialization.ISerializer, global::StrawberryShake.Serialization.TimeSpanSerializer>(services);
            global::Microsoft.Extensions.DependencyInjection.ServiceCollectionServiceExtensions.AddSingleton<global::StrawberryShake.Serialization.ISerializerResolver>(services, sp => new global::StrawberryShake.Serialization.SerializerResolver(global::System.Linq.Enumerable.Concat(global::Microsoft.Extensions.DependencyInjection.ServiceProviderServiceExtensions.GetRequiredService<global::System.Collections.Generic.IEnumerable<global::StrawberryShake.Serialization.ISerializer>>(parentServices), global::Microsoft.Extensions.DependencyInjection.ServiceProviderServiceExtensions.GetRequiredService<global::System.Collections.Generic.IEnumerable<global::StrawberryShake.Serialization.ISerializer>>(sp))));
            global::Microsoft.Extensions.DependencyInjection.ServiceCollectionServiceExtensions.AddSingleton<global::StrawberryShake.IOperationResultDataFactory<global::Foo.Bar.IGetListingsCountResult>, global::Foo.Bar.State.GetListingsCountResultFactory>(services);
            global::Microsoft.Extensions.DependencyInjection.ServiceCollectionServiceExtensions.AddSingleton<global::StrawberryShake.IOperationResultDataFactory>(services, sp => global::Microsoft.Extensions.DependencyInjection.ServiceProviderServiceExtensions.GetRequiredService<global::StrawberryShake.IOperationResultDataFactory<global::Foo.Bar.IGetListingsCountResult>>(sp));
            global::Microsoft.Extensions.DependencyInjection.ServiceCollectionServiceExtensions.AddSingleton<global::StrawberryShake.IOperationRequestFactory>(services, sp => global::Microsoft.Extensions.DependencyInjection.ServiceProviderServiceExtensions.GetRequiredService<global::Foo.Bar.IGetListingsCountQuery>(sp));
            global::Microsoft.Extensions.DependencyInjection.ServiceCollectionServiceExtensions.AddSingleton<global::StrawberryShake.IOperationResultBuilder<global::System.Text.Json.JsonDocument, global::Foo.Bar.IGetListingsCountResult>, global::Foo.Bar.State.GetListingsCountBuilder>(services);
            global::Microsoft.Extensions.DependencyInjection.ServiceCollectionServiceExtensions.AddSingleton<global::StrawberryShake.IOperationExecutor<global::Foo.Bar.IGetListingsCountResult>>(services, sp => new global::StrawberryShake.OperationExecutor<global::System.Text.Json.JsonDocument, global::Foo.Bar.IGetListingsCountResult>(global::Microsoft.Extensions.DependencyInjection.ServiceProviderServiceExtensions.GetRequiredService<global::StrawberryShake.Transport.Http.IHttpConnection>(sp), () => global::Microsoft.Extensions.DependencyInjection.ServiceProviderServiceExtensions.GetRequiredService<global::StrawberryShake.IOperationResultBuilder<global::System.Text.Json.JsonDocument, global::Foo.Bar.IGetListingsCountResult>>(sp), global::Microsoft.Extensions.DependencyInjection.ServiceProviderServiceExtensions.GetRequiredService<global::StrawberryShake.IOperationStore>(sp), strategy));
            global::Microsoft.Extensions.DependencyInjection.ServiceCollectionServiceExtensions.AddSingleton<global::Foo.Bar.GetListingsCountQuery>(services);
            global::Microsoft.Extensions.DependencyInjection.ServiceCollectionServiceExtensions.AddSingleton<global::Foo.Bar.IGetListingsCountQuery>(services, sp => global::Microsoft.Extensions.DependencyInjection.ServiceProviderServiceExtensions.GetRequiredService<global::Foo.Bar.GetListingsCountQuery>(sp));
            global::Microsoft.Extensions.DependencyInjection.ServiceCollectionServiceExtensions.AddSingleton<global::StrawberryShake.IEntityIdSerializer, global::Foo.Bar.State.FooClientEntityIdFactory>(services);
            global::Microsoft.Extensions.DependencyInjection.ServiceCollectionServiceExtensions.AddSingleton<global::Foo.Bar.FooClient>(services);
            global::Microsoft.Extensions.DependencyInjection.ServiceCollectionServiceExtensions.AddSingleton<global::Foo.Bar.IFooClient>(services, sp => global::Microsoft.Extensions.DependencyInjection.ServiceProviderServiceExtensions.GetRequiredService<global::Foo.Bar.FooClient>(sp));
            return services;
        }

        private class ClientServiceProvider : System.IServiceProvider, System.IDisposable
        {
            private readonly System.IServiceProvider _provider;
            public ClientServiceProvider(System.IServiceProvider provider)
            {
                _provider = provider;
            }

            public object? GetService(System.Type serviceType)
            {
                return _provider.GetService(serviceType);
            }

            public void Dispose()
            {
                if (_provider is System.IDisposable d)
                {
                    d.Dispose();
                }
            }
        }
    }
}


