{
  "Data": {
    "createCustomer": null
  },
  "Extensions": {},
  "Errors": [
    {
      "Message": "Connection refused",
      "Code": null,
      "Path": null,
      "Locations": [],
      "Exception": null,
      "Extensions": {}
    }
  ]
}
