{
  "data": {
    "root": [
      {
        "barShort": "Rm9vU2hvcnROdWxsYWJsZQpzMTI="
      },
      {
        "barShort": "Rm9vU2hvcnROdWxsYWJsZQpzMTQ="
      }
    ]
  }
}
