testa
---------------
{
  "data": {
    "root": [
      {
        "bar": "testatest"
      }
    ]
  }
}
---------------

testb
---------------
{
  "data": {
    "root": [
      {
        "bar": "testbtest"
      }
    ]
  }
}
---------------

null
---------------
{
  "errors": [
    {
      "message": "The provided value for filter `startsWith` of type StringOperationFilterInput is invalid. Null values are not supported.",
      "locations": [
        {
          "line": 1,
          "column": 36
        }
      ],
      "path": [
        "root"
      ],
      "extensions": {
        "code": "HC0026",
        "expectedType": "String!",
        "filterType": "StringOperationFilterInput"
      }
    }
  ],
  "data": {
    "root": null
  }
}
---------------
