{
  "Data": {
    "contracts": null
  },
  "Extensions": {},
  "Errors": [
    {
      "message": "Unexpected Execution Error",
      "path": [
        "contracts"
      ],
      "locations": [
        {
          "line": 1,
          "column": 3
        }
      ]
    }
  ]
}
