schema {
  query: Query
}

type Query {
  foo: String
}

input BarSort {
  bar: SortOperationKind
}

enum SortOperationKind {
  ASC
  DESC
}
