{
  "openapi": "3.1.1",
  "info": {
    "title": "HotChocolate.Exporters.OpenApi.Tests | v1",
    "version": "1.0.0"
  },
  "servers": [
    {
      "url": "http://localhost/"
    }
  ],
  "paths": {
    "/users/{userId}": {
      "get": {
        "description": "Fetches a user by their id",
        "operationId": "getUserById",
        "parameters": [
          {
            "name": "userId",
            "in": "path",
            "required": true,
            "schema": {
              "type": "string"
            }
          }
        ],
        "responses": {
          "200": {
            "description": null,
            "content": {
              "application/json": {
                "schema": {
                  "type": "object",
                  "allOf": [
                    {
                      "required": [
                        "id",
                        "name",
                        "email",
                        "address"
                      ],
                      "type": "object",
                      "properties": {
                        "id": {
                          "type": "string"
                        },
                        "name": {
                          "type": "string"
                        },
                        "email": {
                          "type": [
                            "null",
                            "string"
                          ]
                        },
                        "address": {
                          "type": "object",
                          "allOf": [
                            {
                              "$ref": "#/components/schemas/Address"
                            }
                          ]
                        }
                      }
                    }
                  ]
                }
              }
            }
          }
        }
      }
    }
  },
  "components": {
    "schemas": {
      "Address": {
        "required": [
          "street"
        ],
        "type": "object",
        "properties": {
          "street": {
            "type": "string"
          }
        },
        "description": "An address"
      }
    }
  }
}
