[
  {
    "Message": "Variable `abc` is required.",
    "Code": "EXEC_NON_NULL_VIOLATION",
    "Path": null,
    "Locations": [],
    "Exception": null,
    "Extensions": {
      "code": "EXEC_NON_NULL_VIOLATION",
      "variable": "abc"
    }
  }
]
