{
  "Data": {
    "sayHello": "Helloabc"
  },
  "Extensions": {},
  "Errors": []
}
