{
  "Data": {
    "done": true
  },
  "Errors": null
}
