{
  "data": {
    "userById": {
      "__typename": "User"
    }
  }
}
