{
  "Data": {
    "hello": "World",
    "world": "Hello"
  },
  "Extensions": {},
  "Errors": [],
  "ContextData": {}
}
