{
  "query": {
    "bool": {
      "filter": [
        {
          "bool": {
            "should": [
              {
                "match": {
                  "bar": {
                    "query": "B"
                  }
                }
              },
              {
                "bool": {
                  "must_not": [
                    {
                      "match": {
                        "bar": {
                          "query": "X"
                        }
                      }
                    }
                  ]
                }
              }
            ]
          }
        }
      ]
    }
  }
}
