{
  "from": 2,
  "query": {
    "match_all": {}
  },
  "size": 11
}
