{
  "id": "123",
  "operationName": "abc",
  "variables": {
    "abc": {
      "abc": {
        "def": "def"
      }
    }
  }
}
