Result:
---------------
{
  "data": {
    "root": [
      {
        "foo": {
          "id": 1
        }
      },
      {
        "foo": {
          "id": 2
        }
      },
      {
        "foo": null
      }
    ]
  }
}
---------------

SQL:
---------------
SELECT "f"."Id" IS NOT NULL, "f"."Id"
FROM "Data" AS "d"
LEFT JOIN "FooNullable" AS "f" ON "d"."FooId" = "f"."Id"
---------------
