schema {
  query: Query
}

interface FooDeprecated {
  bar: String @deprecated(reason: "Use Bar2.")
  bar2: String
}

type Query {
  foo: String
}

"The `String` scalar type represents textual data, represented as UTF-8 character sequences. The String type is most often used by GraphQL to represent free-form human-readable text."
scalar String
