{
  "Data": {
    "fooMatrix": [
      [
        {
          "baz": "foo"
        }
      ]
    ]
  },
  "Errors": null,
  "Extensions": null,
  "ContextData": null
}
