{
  "data": {
    "formatTitle": ""
  },
  "extensions": {
    "fusion": {
      "operationPlan": {
        "id": "487b7c057f3c15cb6d0fc41fdeae07c1d907cdb31a2c677eb6ee07476c24afc3",
        "operation": {
          "kind": "Query",
          "document": "query(\n  $s: String!\n) {\n  formatTitle(title: $s)\n}",
          "id": "577373a9b2c16f480ac5c2645f109b7b",
          "hash": "577373a9b2c16f480ac5c2645f109b7b",
          "shortHash": "577373a9"
        },
        "searchSpace": 1,
        "nodes": [
          {
            "id": 1,
            "type": "Operation",
            "schema": "a",
            "operation": {
              "name": "Op_577373a9_1",
              "kind": "Query",
              "document": "query Op_577373a9_1(\n  $s: String!\n) {\n  formatTitle(title: $s)\n}",
              "hash": "9e1437a320d35e130c8630097be0d047b93df036081428b716822d6f0df8ae47",
              "shortHash": "9e1437a3"
            },
            "responseNames": [
              "formatTitle"
            ]
          }
        ]
      }
    }
  }
}
