name: Interface_List_Field_Linked_Field_With_Dependency
request:
  document: >-
    query testQuery {
      authorables {
        author {
          id
          displayName
        }
      }
    }
response: >-
  {
    "data": {
      "authorables": [
        {
          "author": {
            "id": "QXV0aG9yOjY=",
            "displayName": "Author: QXV0aG9yOjY="
          }
        },
        {
          "author": {
            "id": "QXV0aG9yOjU=",
            "displayName": "Author: QXV0aG9yOjU="
          }
        },
        {
          "author": {
            "id": "QXV0aG9yOjQ=",
            "displayName": "Author: QXV0aG9yOjQ="
          }
        }
      ]
    }
  }
sourceSchemas:
  - name: A
    schema: >-
      schema {
        query: Query
      }
      
      interface Authorable {
        author: Author
      }
      
      type Author @key(fields: "id") {
        id: ID!
      }
      
      type Comment implements Authorable {
        author: Author
      }
      
      type Discussion implements Authorable {
        author: Author
      }
      
      type Query {
        authorables: [Authorable]
      }
    interactions:
      - request: {"query":"query testQuery_171db7a7_1 {\n  authorables {\n    __typename\n    author {\n      id\n    }\n  }\n}"}
        response: {"data":{"authorables":[{"__typename":"Discussion","author":{"id":"QXV0aG9yOjY="}},{"__typename":"Comment","author":{"id":"QXV0aG9yOjU="}},{"__typename":"Discussion","author":{"id":"QXV0aG9yOjQ="}}]}}
  - name: B
    schema: >-
      schema {
        query: Query
      }
      
      type Author @key(fields: "id") {
        id: ID!
        displayName: String!
      }
      
      type Query {
        authorById(id: ID!): Author @lookup
      }
    interactions:
      - request: {"query":"query testQuery_171db7a7_2(\n  $__fusion_1_id: ID!\n) {\n  authorById(id: $__fusion_1_id) {\n    displayName\n  }\n}","variables":[{"__fusion_1_id":"QXV0aG9yOjY="},{"__fusion_1_id":"QXV0aG9yOjU="},{"__fusion_1_id":"QXV0aG9yOjQ="}]}
        response: {"variableIndex":0,"data":{"authorById":{"displayName":"Author: QXV0aG9yOjY="}}}
{"variableIndex":1,"data":{"authorById":{"displayName":"Author: QXV0aG9yOjU="}}}
{"variableIndex":2,"data":{"authorById":{"displayName":"Author: QXV0aG9yOjQ="}}}

