{
  "ContentType": "application/graphql-response+json; charset=utf-8",
  "StatusCode": "OK",
  "Data": {
    "s": "Query"
  },
  "Errors": null,
  "Extensions": null
}
