{
  "Data": {
    "__type": {
      "name": "Foo",
      "fields": [
        {
          "name": "a",
          "type": {
            "name": "String"
          }
        }
      ]
    }
  },
  "Extensions": {},
  "Errors": [],
  "ContextData": {}
}
