Result:
---------------
{
  "data": {
    "root": [
      {
        "method": {
          "barString": "Worked"
        }
      },
      {
        "method": {
          "barString": "Worked"
        }
      }
    ]
  }
}
---------------

SQL:
---------------
from 'Bars'
---------------
