For more details look at the `Errors` property.

1. The type of the member ToCharArray of the declaring type String is unknown
