{
  "Data": {
    "error3": null
  },
  "Errors": [
    {
      "message": "query error 3"
    }
  ]
}
