{
  "Headers": [
    {
      "Key": "Cache-Control",
      "Value": [
        "s-maxage=2000"
      ]
    },
    {
      "Key": "Vary",
      "Value": [
        "x-bar",
        "x-foo"
      ]
    }
  ],
  "ContentHeaders": [
    {
      "Key": "Content-Type",
      "Value": [
        "application/graphql-response+json; charset=utf-8"
      ]
    }
  ],
  "Body": "{\"data\":{\"field\":\"\"}}"
}
