ASC Result:
---------------
{
  "data": {
    "root": [
      {
        "foo": null
      },
      {
        "foo": {
          "barBool": null
        }
      },
      {
        "foo": {
          "barBool": false
        }
      },
      {
        "foo": {
          "barBool": false
        }
      },
      {
        "foo": {
          "barBool": true
        }
      }
    ]
  }
}
---------------

ASC SQL:
---------------
from 'BarNullables' order by Foo.BarBool
---------------

13 Result:
---------------
{
  "data": {
    "root": [
      {
        "foo": {
          "barBool": true
        }
      },
      {
        "foo": {
          "barBool": false
        }
      },
      {
        "foo": {
          "barBool": false
        }
      },
      {
        "foo": {
          "barBool": null
        }
      },
      {
        "foo": null
      }
    ]
  }
}
---------------

13 SQL:
---------------
from 'BarNullables' order by Foo.BarBool desc
---------------
