{
  "data": {
    "_entities": [
      {
        "sku": "federation"
      }
    ]
  }
}
