a Result:
---------------
{
  "data": {
    "root": [
      {
        "bar": "testatest"
      }
    ]
  }
}
---------------

a SQL:
---------------
.param set @__p_0 'a'

SELECT "d"."Id", "d"."Bar"
FROM "Data" AS "d"
WHERE "d"."Bar" IS NOT NULL AND ((@__p_0 = '') OR (instr("d"."Bar", @__p_0) > 0))
---------------

b Result:
---------------
{
  "data": {
    "root": [
      {
        "bar": "testbtest"
      }
    ]
  }
}
---------------

b SQL:
---------------
.param set @__p_0 'b'

SELECT "d"."Id", "d"."Bar"
FROM "Data" AS "d"
WHERE "d"."Bar" IS NOT NULL AND ((@__p_0 = '') OR (instr("d"."Bar", @__p_0) > 0))
---------------

null
---------------
{
  "errors": [
    {
      "message": "The provided value for filter `contains` of type StringOperationFilterInput is invalid. Null values are not supported.",
      "locations": [
        {
          "line": 1,
          "column": 34
        }
      ],
      "path": [
        "root"
      ],
      "extensions": {
        "code": "HC0026",
        "expectedType": "String!",
        "filterType": "StringOperationFilterInput"
      }
    }
  ],
  "data": {
    "root": []
  }
}
---------------
