{
  "errors": [
    {
      "message": "The provided value for filter \u0060eq\u0060 of type BarFilterInput is invalid. Null values are not supported.",
      "locations": [
        {
          "line": 1,
          "column": 41
        }
      ],
      "path": [
        "root"
      ],
      "extensions": {
        "expectedType": "String!",
        "filterType": "BarFilterInput"
      }
    }
  ],
  "data": {
    "root": []
  }
}
