true Result:
---------------
{
  "data": {
    "root": [
      {
        "foo": {
          "barBool": true
        }
      },
      {
        "foo": {
          "barBool": true
        }
      }
    ]
  }
}
---------------

true SQL:
---------------
.param set @__p_0 1

SELECT "d"."Id", "d"."FooId"
FROM "Data" AS "d"
LEFT JOIN "FooNullable" AS "f" ON "d"."FooId" = "f"."Id"
WHERE "f"."BarBool" = @__p_0
---------------

false Result:
---------------
{
  "data": {
    "root": [
      {
        "foo": {
          "barBool": false
        }
      },
      {
        "foo": {
          "barBool": false
        }
      },
      {
        "foo": {
          "barBool": false
        }
      }
    ]
  }
}
---------------

false SQL:
---------------
.param set @__p_0 0

SELECT "d"."Id", "d"."FooId"
FROM "Data" AS "d"
LEFT JOIN "FooNullable" AS "f" ON "d"."FooId" = "f"."Id"
WHERE "f"."BarBool" = @__p_0
---------------

null Result:
---------------
{
  "data": {
    "root": [
      {
        "foo": {
          "barBool": null
        }
      },
      {
        "foo": {
          "barBool": null
        }
      }
    ]
  }
}
---------------

null SQL:
---------------
SELECT "d"."Id", "d"."FooId"
FROM "Data" AS "d"
LEFT JOIN "FooNullable" AS "f" ON "d"."FooId" = "f"."Id"
WHERE "f"."BarBool" IS NULL
---------------
