{
  "Data": {
    "foo": [
      {
        "foo": "2020-01-01T18:00:00.000Z"
      }
    ]
  },
  "Extensions": {},
  "Errors": [],
  "ContextData": {}
}
