{
  "Data": {
    "list": [
      {
        "fooNested": {
          "bar": "a"
        }
      }
    ]
  },
  "Extensions": {},
  "Errors": [],
  "ContextData": {}
}
