schema {
  query: Query12
}

interface Document implements Node {
  id: ID!
}

"The node interface is implemented by entities that have a global unique identifier."
interface Node {
  id: ID!
}

type DrivingLicense implements Node & Document {
  id: ID!
}

type Query12 {
  "Fetches an object given its ID."
  node("ID of the object." id: ID!): Node
  "Lookup nodes by a list of IDs."
  nodes("The list of node IDs." ids: [ID!]!): [Node]!
  documentById(id: ID!): Document
}
