query fetch {
  foo_bar: customer(id: "Q3VzdG9tZXIteDE=") {
    foo_bar: name
    foo_bar: consultant {
      foo_bar: name
      foo_bar: __typename
      abc_def
    }
    foo_bar: id
    foo_bar: __typename
    abc_def
  }
}
